<html>
<body>
<pre>
<h1>µVision Build Log</h1>
<h2>Tool Versions:</h2>
IDE-Version: µVision V5.29.0.0
Copyright (C) 2019 ARM Ltd and ARM Germany GmbH. All rights reserved.
License Information: mr man, noose, LIC=----
 
Tool Versions:
Toolchain:       MDK-Lite  Version: 5.29.0.0
Toolchain Path:  C:\Keil_v5\ARM\ARMCLANG\Bin
C Compiler:      ArmClang.exe V6.13.1
Assembler:       Armasm.exe V6.13.1
Linker/Locator:  ArmLink.exe V6.13.1
Library Manager: ArmAr.exe V6.13.1
Hex Converter:   FromElf.exe V6.13.1
CPU DLL:         SARMCM3.DLL V5.29.0.0
Dialog DLL:      DARMCM1.DLL V1.19.2.0
Target DLL:      CMSIS_AGDI.dll V1.32.0.0
Dialog DLL:      TARMCM1.DLL V1.14.1.0
 
<h2>Project:</h2>
C:\Users\Willson\Desktop\Y2S2\CG2271\Project\Project UV\project.uvprojx
Project File Date:  03/12/2024

<h2>Output:</h2>
*** Using Compiler 'V6.13.1', folder: 'C:\Keil_v5\ARM\ARMCLANG\Bin'
Rebuild target 'Target 1'
assembling startup_MKL25Z4.s...
compiling rtx_lib.c...
myLED.c(119): warning: function 'tFrontLED' could be declared with attribute 'noreturn' [-Wmissing-noreturn]
void tFrontLED() {
                 ^
myLED.c(132): warning: function 'tRearLED' could be declared with attribute 'noreturn' [-Wmissing-noreturn]
void tRearLED() {
                ^
myLED.c(23): warning: unused variable 'red_led' [-Wunused-variable]
static uint8_t red_led[4] = {PTC3_LEDPin, PTC4_LEDPin, PTC5_LEDPin, PTC6_LEDPin};
               ^
3 warnings generated.
compiling myLED.c...
main.c(20): warning: unused parameter 'argument' [-Wunused-parameter]
void motor_control (void *argument) {
                          ^
main.c(20): warning: no previous prototype for function 'motor_control' [-Wmissing-prototypes]
void motor_control (void *argument) {
     ^
main.c(20): note: declare 'static' if the function is not intended to be used outside of this translation unit
void motor_control (void *argument) {
^
static 
main.c(20): warning: function 'motor_control' could be declared with attribute 'noreturn' [-Wmissing-noreturn]
void motor_control (void *argument) {
                                    ^
main.c(29): warning: unused parameter 'argument' [-Wunused-parameter]
void xxxxx (void *argument) {
                  ^
main.c(29): warning: no previous prototype for function 'xxxxx' [-Wmissing-prototypes]
void xxxxx (void *argument) {
     ^
main.c(29): note: declare 'static' if the function is not intended to be used outside of this translation unit
void xxxxx (void *argument) {
^
static 
main.c(29): warning: function 'xxxxx' could be declared with attribute 'noreturn' [-Wmissing-noreturn]
void xxxxx (void *argument) {
                            ^
6 warnings generated.
compiling main.c...
compiling RTX_Config.c...
compiling motor.c...
compiling system_MKL25Z4.c...
linking...
Program Size: Code=2172 RO-data=496 RW-data=168 ZI-data=5200  
".\Objects\project.axf" - 0 Error(s), 9 Warning(s).

<h2>Software Packages used:</h2>

Package Vendor: ARM
                http://www.keil.com/pack/ARM.CMSIS.5.6.0.pack
                ARM.CMSIS.5.6.0
                CMSIS (Cortex Microcontroller Software Interface Standard)
   * Component: RTOS2 Version: 2.1.3
   * Component: CORE Version: 5.3.0
   * Component: Keil RTX5 Variant: Library Version: 5.5.1

Package Vendor: Keil
                https://www.keil.com/pack/Keil.Kinetis_KLxx_DFP.1.15.1.pack
                Keil.Kinetis_KLxx_DFP.1.15.1
                NXP Kinetis KLxx Series Device Support and Examples
   * Component: Startup Version: 2.5.0

<h2>Collection of Component include folders:</h2>
  .\RTE\CMSIS
  .\RTE\Device\MKL25Z128xxx4
  .\RTE\_Target_1
  C:\Users\Willson\AppData\Local\Arm\Packs\ARM\CMSIS\5.6.0\CMSIS\Core\Include
  C:\Users\Willson\AppData\Local\Arm\Packs\ARM\CMSIS\5.6.0\CMSIS\RTOS2\Include
  C:\Users\Willson\AppData\Local\Arm\Packs\ARM\CMSIS\5.6.0\CMSIS\RTOS2\RTX\Include
  C:\Users\Willson\AppData\Local\Arm\Packs\Keil\Kinetis_KLxx_DFP\1.15.1\Device\Include

<h2>Collection of Component Files used:</h2>

   * Component: ::CMSIS:RTOS2:2.1.3 (API)
      Include file:  CMSIS\RTOS2\Include\cmsis_os2.h

   * Component: ARM::CMSIS:CORE:5.3.0

   * Component: ARM::CMSIS:RTOS2:Keil RTX5:Library:5.5.1
      Include file:  CMSIS\RTOS2\RTX\Include\rtx_os.h
      Source file:   CMSIS\RTOS2\RTX\Template\MsgQueue.c
      Include file:  CMSIS\RTOS2\RTX\Config\RTX_Config.h
      Source file:   CMSIS\RTOS2\RTX\Config\RTX_Config.c
      Source file:   CMSIS\RTOS2\RTX\Template\main.c
      Source file:   CMSIS\RTOS2\RTX\Template\Events.c
      Source file:   CMSIS\RTOS2\RTX\Template\MemPool.c
      Source file:   CMSIS\RTOS2\RTX\Template\Mutex.c
      Source file:   CMSIS\RTOS2\RTX\Template\Semaphore.c
      Source file:   CMSIS\RTOS2\RTX\Source\rtx_lib.c
      Library file:  CMSIS\RTOS2\RTX\Library\ARM\RTX_CM0.lib
      Source file:   CMSIS\RTOS2\RTX\Template\Thread.c
      Source file:   CMSIS\RTOS2\RTX\Template\svc_user.c
      Source file:   CMSIS\RTOS2\RTX\Template\Timer.c

   * Component: Keil::Device:Startup:2.5.0
      Source file:   Device\Source\ARM\startup_MKL25Z4.s
      Source file:   Device\Source\system_MKL25Z4.c
      Include file:  Device\Source\system_MKL25Z4.h
Build Time Elapsed:  00:00:02
</pre>
</body>
</html>
